// Jest Snapshot v1, https://goo.gl/fbAQLP

exports[`EntityHeader renders the latest entity properly 1`] = `
<div
  className="row-hero"
>
  <header
    className="entity-header"
  >
    <div
      className="inner-wrapper"
    >
      <div
        className="eight-col no-margin-bottom"
      >
        <img
          alt="django"
          className="entity-header__icon"
          src="data:image/gif;base64,"
          width="96"
        />
        <h1
          className="entity-header__title"
          itemProp="name"
        >
          django
           
          <span
            className="entity-header__version"
          >
            #
            123
          </span>
        </h1>
        <ul
          className="bullets inline entity-header__properties"
        >
          <li
            className="entity-header__by"
          >
            ByÂ 
            <span
              className="link"
              onClick={[Function]}
            >
              test-owner
            </span>
          </li>
          <li
            className="entity-header__series"
            key="cs:~who/django-42"
          >
            <span
              className="link"
              onClick={[Function]}
            >
              Latest version (#
              42
              )
            </span>
          </li>
          <li
            className="entity-header__series"
            key="trusty"
          >
            trusty
          </li>
          <li
            className="entity-header__channels"
            key="Stable, Candidate"
          >
            Stable, Candidate
          </li>
        </ul>
        <ul
          className="entity-header__social-list"
        >
          <li>
            <a
              href="https://twitter.com/intent/tweet?text=django%20charm&via=ubuntu_cloud&url=https%3A%2F%2Fjujucharms.com%2Fdjango%2Ftrusty%2F"
              id="item-twitter"
              target="_blank"
            >
              <SvgIcon
                name="icon-social-twitter"
                size="36"
              />
            </a>
          </li>
          <li>
            <a
              href="https://plus.google.com/share?url=https%3A%2F%2Fjujucharms.com%2Fdjango%2Ftrusty%2F"
              id="item-googleplus"
              target="_blank"
            >
              <SvgIcon
                name="icon-social-google"
                size="36"
              />
            </a>
          </li>
        </ul>
      </div>
      <div
        className="entity-header__right four-col last-col no-margin-bottom"
      >
        <CopyToClipboard
          className="copy-to-clipboard"
          value="juju deploy cs:django"
        />
        <span
          className="v1"
        >
          <Button
            action={[Function]}
            disabled={false}
            modifier="positive"
            tooltip="Add this charm to a new model"
          >
            Add to model
          </Button>
        </span>
      </div>
    </div>
  </header>
</div>
`;
