// Jest Snapshot v1, https://goo.gl/fbAQLP

exports[`SearchResultsItem can render an item 1`] = `
<li
  className="list-block__list--item charm"
>
  <a
    className="list-block__list--item-main-link"
    href="/u/spinach/apache2"
    onClick={[Function]}
  />
  <div
    className="four-col charm-name__column"
  >
    <h3
      className="list-block__list--item-title"
    >
      mysql
      <span
        className="special-flag"
      />
    </h3>
    <ul
      className="tag-list"
    >
      <li
        className="tag-list--item"
        key="tag10"
      >
        <a
          className="list-block__list--item-link"
          href="/u/spinach/apache2"
          onClick={[Function]}
        >
          tag1
        </a>
      </li>
      <li
        className="tag-list--item"
        key="tag21"
      >
        <a
          className="list-block__list--item-link"
          href="/u/spinach/apache2"
          onClick={[Function]}
        >
          tag2
        </a>
      </li>
    </ul>
  </div>
  <div
    className="series__column four-col"
  >
    <SeriesList
      items={
        Array [
          "vivid",
          "wily",
        ]
      }
    />
  </div>
  <div
    className="charm-logos__column list-block__column one-col"
  >
    <IconList
      applications={
        Array [
          Object {
            "displayName": "mysql",
            "downloads": 1000,
            "id": "mysql",
            "name": "mysql",
            "owner": "test-owner",
            "promulgated": true,
            "series": Array [
              Object {
                "name": "vivid",
                "storeId": "~test-owner/vivid/mysql",
              },
              Object {
                "name": "wily",
                "storeId": "~test-owner/wily/mysql",
              },
            ],
            "special": true,
            "storeId": "~test-owner/vivid/mysql",
            "tags": Array [
              "tag1",
              "tag2",
            ],
            "type": "charm",
            "url": "http://example.com/mysql",
          },
        ]
      }
      changeState={[Function]}
      generatePath={[Function]}
    />
  </div>
  <div
    className="two-col owner__column list-block__column"
  >
    <p
      className="cell"
    >
      By 
      <a
        className="list-block__list--item-link"
        href="/u/spinach/apache2"
        onClick={[Function]}
        title="See other charms and bundles by test-owner"
      >
        test-owner
      </a>
    </p>
  </div>
  <div
    className="one-col last-col list-block__list--item-deploy v1"
  >
    <Button
      action={[Function]}
      disabled={false}
      extraClasses="is-inline list-block__list--item-deploy-link"
      modifier="neutral"
    >
      <SvgIcon
        name="add-icon"
        size="16"
      />
    </Button>
  </div>
</li>
`;
