// Jest Snapshot v1, https://goo.gl/fbAQLP

exports[`Error boundary can render 1`] = `""`;

exports[`Error boundary should show error message if available 1`] = `""`;
